created to show how to merged brnach files to main branch

